Starting a Gradle Daemon, 1 incompatible and 1 stopped Daemons could not be reused, use --status for details

[Incubating] Problems report is available at: file:///home/pk/mobileApp/HealthTrack/build/reports/problems/problems-report.html

FAILURE: Build failed with an exception.

* Where:
Build file '/home/pk/mobileApp/HealthTrack/app/build.gradle.kts' line: 1

* What went wrong:
An exception occurred applying plugin request [id: 'com.android.application', version: '8.3.2']
> Failed to apply plugin 'com.android.internal.application'.
   > Failed to create service 'com.android.build.gradle.internal.services.AndroidLocationsBuildService_11fa9c11-4cff-4415-be77-9f74cc99d4e2'.
      > Could not create an instance of type com.android.build.gradle.internal.services.AndroidLocationsBuildService.
         > Could not create provider for value source AndroidLocationsBuildService.AndroidDirectoryCreator.

* Try:
> Run with --stacktrace option to get the stack trace.
> Run with --info or --debug option to get more log output.
> Run with --scan to get full insights from a Build Scan (powered by Develocity).
> Get more help at https://help.gradle.org.

Deprecated Gradle features were used in this build, making it incompatible with Gradle 10.

You can use '--warning-mode all' to show the individual deprecation warnings and determine if they come from your own scripts or plugins.

For more on this, please refer to https://docs.gradle.org/9.6.0/userguide/command_line_interface.html#sec:command_line_warnings in the Gradle documentation.

BUILD FAILED in 14s
